09-18 20:55:00.774  5888  5903 W com.loopmobile: Unable to resolve Lcom/wix/detox/espresso/scroll/ScrollableProbeHForward; annotation class 2323
09-18 20:55:00.774  5888  5903 W com.loopmobile: Unable to resolve Lcom/wix/detox/espresso/scroll/AbsScrollableProbe; annotation class 2323
09-18 20:55:00.774  5888  5903 W com.loopmobile: Unable to resolve Lcom/wix/detox/espresso/scroll/ScrollableProbeVBack; annotation class 2323
09-18 20:55:00.774  5888  5903 W com.loopmobile: Unable to resolve Lcom/wix/detox/espresso/scroll/ScrollableProbeVBack; annotation class 2323
09-18 20:55:00.774  5888  5903 W com.loopmobile: Unable to resolve Lcom/wix/detox/espresso/scroll/AbsScrollableProbe; annotation class 2323
09-18 20:55:00.774  5888  5903 W com.loopmobile: Unable to resolve Lcom/wix/detox/espresso/scroll/ScrollableProbeVBack; annotation class 2323
09-18 20:55:00.774  5888  5903 W com.loopmobile: Unable to resolve Lcom/wix/detox/espresso/scroll/AbsScrollableProbe; annotation class 2323
09-18 20:55:00.774  5888  5903 W com.loopmobile: Unable to resolve Lcom/wix/detox/espresso/scroll/ScrollableProbeVForward; annotation class 2323
09-18 20:55:00.774  5888  5903 W com.loopmobile: Unable to resolve Lcom/wix/detox/espresso/scroll/ScrollableProbeVForward; annotation class 2323
09-18 20:55:00.774  5888  5903 W com.loopmobile: Unable to resolve Lcom/wix/detox/espresso/scroll/AbsScrollableProbe; annotation class 2323
09-18 20:55:00.774  5888  5903 W com.loopmobile: Unable to resolve Lcom/wix/detox/espresso/scroll/ScrollableProbeVForward; annotation class 2323
09-18 20:55:00.774  5888  5903 W com.loopmobile: Unable to resolve Lcom/wix/detox/espresso/scroll/AbsScrollableProbe; annotation class 2323
09-18 20:55:00.775  5888  5903 W com.loopmobile: Unable to resolve Lcom/wix/detox/espresso/scroll/SwipeHelper; annotation class 2323
09-18 20:55:00.775  5888  5903 W com.loopmobile: Unable to resolve Lcom/wix/detox/espresso/scroll/SwipeHelper; annotation class 2323
09-18 20:55:00.775  5888  5903 W com.loopmobile: Unable to resolve Lcom/wix/detox/espresso/scroll/SwipeHelper; annotation class 2323
09-18 20:55:00.775  5888  5903 W com.loopmobile: Unable to resolve Lcom/wix/detox/espresso/scroll/SwipeHelperKt; annotation class 2323
09-18 20:55:00.775  5888  5903 W com.loopmobile: Unable to resolve Lcom/wix/detox/espresso/scroll/SwipeHelperKt; annotation class 2323
09-18 20:55:00.775  5888  5903 W com.loopmobile: Unable to resolve Lcom/wix/detox/espresso/scroll/SwipeHelperKt; annotation class 2323
09-18 20:55:00.775  5888  5903 W com.loopmobile: Unable to resolve Lcom/wix/detox/espresso/utils/Vector2D; annotation class 2323
09-18 20:55:00.775  5888  5903 W com.loopmobile: Unable to resolve Lcom/wix/detox/espresso/utils/Vector2D; annotation class 2323
09-18 20:55:00.775  5888  5903 W com.loopmobile: Unable to resolve Lcom/wix/detox/espresso/utils/Vector2D; annotation class 2323
09-18 20:55:00.775  5888  5903 W com.loopmobile: Unable to resolve Lcom/wix/detox/espresso/utils/Vector2DKt; annotation class 2323
09-18 20:55:00.775  5888  5903 W com.loopmobile: Unable to resolve Lcom/wix/detox/espresso/utils/Vector2DKt; annotation class 2323
09-18 20:55:00.775  5888  5903 W com.loopmobile: Unable to resolve Lcom/wix/detox/espresso/utils/Vector2DKt; annotation class 2323
09-18 20:55:00.776  5888  5903 W com.loopmobile: Unable to resolve Lcom/wix/detox/reactnative/MQThreadReflected; annotation class 2323
09-18 20:55:00.776  5888  5903 W com.loopmobile: Unable to resolve Lcom/wix/detox/reactnative/MQThreadReflected; annotation class 2323
09-18 20:55:00.776  5888  5903 W com.loopmobile: Unable to resolve Lcom/wix/detox/reactnative/MQThreadReflected; annotation class 2323
09-18 20:55:00.776  5888  5903 W com.loopmobile: Unable to resolve Lcom/wix/detox/reactnative/MQThreadsReflector; annotation class 2323
09-18 20:55:00.776  5888  5903 W com.loopmobile: Unable to resolve Lcom/wix/detox/reactnative/MQThreadsReflector; annotation class 2323
09-18 20:55:00.776  5888  5903 W com.loopmobile: Unable to resolve Lcom/wix/detox/reactnative/MQThreadsReflector; annotation class 2323
09-18 20:55:00.776  5888  5903 W com.loopmobile: Unable to resolve Lcom/wix/detox/reactnative/RNVersion; annotation class 2323
09-18 20:55:00.776  5888  5903 W com.loopmobile: Unable to resolve Lcom/wix/detox/reactnative/RNVersion; annotation class 2323
09-18 20:55:00.776  5888  5903 W com.loopmobile: Unable to resolve Lcom/wix/detox/reactnative/RNVersion; annotation class 2323
09-18 20:55:00.776  5888  5903 W com.loopmobile: Unable to resolve Lcom/wix/detox/reactnative/ReactNativeExtension; annotation class 2323
09-18 20:55:00.776  5888  5903 W com.loopmobile: Unable to resolve Lcom/wix/detox/reactnative/ReactNativeExtension; annotation class 2323
09-18 20:55:00.776  5888  5903 W com.loopmobile: Unable to resolve Lcom/wix/detox/reactnative/ReactNativeExtension; annotation class 2323
09-18 20:55:00.777  5888  5903 W com.loopmobile: Unable to resolve Lcom/wix/detox/reactnative/ReactNativeExtensionKt; annotation class 2323
09-18 20:55:00.777  5888  5903 W com.loopmobile: Unable to resolve Lcom/wix/detox/reactnative/ReactNativeExtensionKt; annotation class 2323
09-18 20:55:00.777  5888  5903 W com.loopmobile: Unable to resolve Lcom/wix/detox/reactnative/ReactNativeExtensionKt; annotation class 2323
09-18 20:55:00.777  5888  5903 W com.loopmobile: Unable to resolve Lcom/wix/detox/reactnative/ReactNativeIdlingResources; annotation class 2323
09-18 20:55:00.777  5888  5903 W com.loopmobile: Unable to resolve Lcom/wix/detox/reactnative/ReactNativeIdlingResources; annotation class 2323
09-18 20:55:00.777  5888  5903 W com.loopmobile: Unable to resolve Lcom/wix/detox/reactnative/ReactNativeIdlingResources; annotation class 2323
09-18 20:55:00.777  5888  5903 W com.loopmobile: Unable to resolve Lcom/wix/detox/reactnative/ReactNativeIdlingResourcesKt; annotation class 2323
09-18 20:55:00.777  5888  5903 W com.loopmobile: Unable to resolve Lcom/wix/detox/reactnative/ReactNativeIdlingResourcesKt; annotation class 2323
09-18 20:55:00.777  5888  5903 W com.loopmobile: Unable to resolve Lcom/wix/detox/reactnative/ReactNativeIdlingResourcesKt; annotation class 2323
09-18 20:55:00.777  5888  5903 W com.loopmobile: Unable to resolve Lcom/wix/detox/reactnative/ReactNativeInfo; annotation class 2323
09-18 20:55:00.777  5888  5903 W com.loopmobile: Unable to resolve Lcom/wix/detox/reactnative/ReactNativeInfo; annotation class 2323
09-18 20:55:00.777  5888  5903 W com.loopmobile: Unable to resolve Lcom/wix/detox/reactnative/ReactNativeInfo; annotation class 2323
09-18 20:55:00.777  5888  5903 W com.loopmobile: Unable to resolve Lcom/wix/detox/reactnative/ReactNativeLoadingMonitor; annotation class 2323
09-18 20:55:00.777  5888  5903 W com.loopmobile: Unable to resolve Lcom/wix/detox/reactnative/ReactNativeLoadingMonitor; annotation class 2323
09-18 20:55:00.777  5888  5903 W com.loopmobile: Unable to resolve Lcom/wix/detox/reactnative/ReactNativeLoadingMonitor; annotation class 2323
09-18 20:55:00.778  5888  5903 W com.loopmobile: Unable to resolve Lcom/wix/detox/reactnative/ReactNativeLoadingMonitorKt; annotation class 2323
09-18 20:55:00.778  5888  5903 W com.loopmobile: Unable to resolve Lcom/wix/detox/reactnative/ReactNativeLoadingMonitorKt; annotation class 2323
09-18 20:55:00.778  5888  5903 W com.loopmobile: Unable to resolve Lcom/wix/detox/reactnative/ReactNativeLoadingMonitorKt; annotation class 2323
09-18 20:55:00.778  5888  5903 W com.loopmobile: Unable to resolve Lcom/wix/detox/reactnative/ReactNativeReLoader; annotation class 2323
09-18 20:55:00.778  5888  5903 W com.loopmobile: Unable to resolve Lcom/wix/detox/reactnative/ReactNativeReLoader; annotation class 2323
09-18 20:55:00.778  5888  5903 W com.loopmobile: Unable to resolve Lcom/wix/detox/reactnative/ReactNativeReLoader; annotation class 2323
09-18 20:55:00.778  5888  5903 W com.loopmobile: Unable to resolve Lcom/wix/detox/reactnative/helpers/RNHelpers; annotation class 2323
09-18 20:55:00.778  5888  5903 W com.loopmobile: Unable to resolve Lcom/wix/detox/reactnative/helpers/RNHelpers; annotation class 2323
09-18 20:55:00.778  5888  5903 W com.loopmobile: Unable to resolve Lcom/wix/detox/reactnative/helpers/RNHelpers; annotation class 2323
09-18 20:55:00.778  5888  5903 W com.loopmobile: Unable to resolve Lcom/wix/detox/reactnative/helpers/RNHelpersKt; annotation class 2323
09-18 20:55:00.778  5888  5903 W com.loopmobile: Unable to resolve Lcom/wix/detox/reactnative/helpers/RNHelpersKt; annotation class 2323
09-18 20:55:00.778  5888  5903 W com.loopmobile: Unable to resolve Lcom/wix/detox/reactnative/helpers/RNHelpersKt; annotation class 2323
09-18 20:55:00.778  5888  5903 W com.loopmobile: Unable to resolve Lcom/wix/detox/reactnative/idlingresources/AsyncStorageIdlingResource; annotation class 2323
09-18 20:55:00.778  5888  5903 W com.loopmobile: Unable to resolve Lcom/wix/detox/reactnative/idlingresources/AsyncStorageIdlingResource; annotation class 2323
09-18 20:55:00.778  5888  5903 W com.loopmobile: Unable to resolve Lcom/wix/detox/reactnative/idlingresources/AsyncStorageIdlingResource; annotation class 2323
09-18 20:55:00.779  5888  5903 W com.loopmobile: Unable to resolve Lcom/wix/detox/reactnative/idlingresources/AsyncStorageIdlingResourceKt; annotation class 2323
09-18 20:55:00.779  5888  5903 W com.loopmobile: Unable to resolve Lcom/wix/detox/reactnative/idlingresources/AsyncStorageIdlingResourceKt; annotation class 2323
09-18 20:55:00.779  5888  5903 W com.loopmobile: Unable to resolve Lcom/wix/detox/reactnative/idlingresources/AsyncStorageIdlingResourceKt; annotation class 2323
09-18 20:55:00.779  5888  5903 W com.loopmobile: Unable to resolve Lcom/wix/detox/reactnative/idlingresources/AsyncStorageIdlingResourceLegacy; annotation class 2323
09-18 20:55:00.779  5888  5903 W com.loopmobile: Unable to resolve Lcom/wix/detox/reactnative/idlingresources/AsyncStorageIdlingResourceLegacy; annotation class 2323
09-18 20:55:00.779  5888  5903 W com.loopmobile: Unable to resolve Lcom/wix/detox/reactnative/idlingresources/AsyncStorageIdlingResource; annotation class 2323
09-18 20:55:00.779  5888  5903 W com.loopmobile: Unable to resolve Lcom/wix/detox/reactnative/idlingresources/AsyncStorageIdlingResourceLegacy; annotation class 2323
09-18 20:55:00.779  5888  5903 W com.loopmobile: Unable to resolve Lcom/wix/detox/reactnative/idlingresources/AsyncStorageIdlingResource; annotation class 2323
09-18 20:55:00.779  5888  5903 W com.loopmobile: Unable to resolve Lcom/wix/detox/reactnative/idlingresources/IdlingResourceDescription; annotation class 2323
09-18 20:55:00.779  5888  5903 W com.loopmobile: Unable to resolve Lcom/wix/detox/reactnative/idlingresources/IdlingResourceDescription; annotation class 2323
09-18 20:55:00.779  5888  5903 W com.loopmobile: Unable to resolve Lcom/wix/detox/reactnative/idlingresources/IdlingResourceDescription; annotation class 2323
09-18 20:55:00.779  5888  5903 W com.loopmobile: Unable to resolve Lcom/wix/detox/reactnative/idlingresources/ModuleReflected; annotation class 2323
09-18 20:55:00.779  5888  5903 W com.loopmobile: Unable to resolve Lcom/wix/detox/reactnative/idlingresources/ModuleReflected; annotation class 2323
09-18 20:55:00.779  5888  5903 W com.loopmobile: Unable to resolve Lcom/wix/detox/reactnative/idlingresources/ModuleReflected; annotation class 2323
09-18 20:55:00.780  5888  5903 W com.loopmobile: Unable to resolve Lcom/wix/detox/reactnative/idlingresources/NetworkingModuleReflected; annotation class 2323
09-18 20:55:00.780  5888  5903 W com.loopmobile: Unable to resolve Lcom/wix/detox/reactnative/idlingresources/NetworkingModuleReflected; annotation class 2323
09-18 20:55:00.780  5888  5903 W com.loopmobile: Unable to resolve Lcom/wix/detox/reactnative/idlingresources/NetworkingModuleReflected; annotation class 2323
09-18 20:55:00.780  5888  5903 W com.loopmobile: Unable to resolve Lcom/wix/detox/reactnative/idlingresources/SerialExecutorReflected; annotation class 2323
09-18 20:55:00.780  5888  5903 W com.loopmobile: Unable to resolve Lcom/wix/detox/reactnative/idlingresources/SerialExecutorReflected; annotation class 2323
09-18 20:55:00.780  5888  5903 W com.loopmobile: Unable to resolve Lcom/wix/detox/reactnative/idlingresources/SerialExecutorReflected; annotation class 2323
09-18 20:55:00.780  5888  5903 W com.loopmobile: Unable to resolve Lcom/wix/detox/reactnative/idlingresources/timers/DefaultIdleInterrogationStrategy; annotation class 2323
09-18 20:55:00.780  5888  5903 W com.loopmobile: Unable to resolve Lcom/wix/detox/reactnative/idlingresources/timers/DefaultIdleInterrogationStrategy; annotation class 2323
09-18 20:55:00.780  5888  5903 W com.loopmobile: Unable to resolve Lcom/wix/detox/reactnative/idlingresources/timers/DefaultIdleInterrogationStrategy; annotation class 2323
09-18 20:55:00.780  5888  5903 W com.loopmobile: Unable to resolve Lcom/wix/detox/reactnative/idlingresources/timers/DefaultIdleInterrogationStrategyKt; annotation class 2323
09-18 20:55:00.780  5888  5903 W com.loopmobile: Unable to resolve Lcom/wix/detox/reactnative/idlingresources/timers/DefaultIdleInterrogationStrategyKt; annotation class 2323
09-18 20:55:00.780  5888  5903 W com.loopmobile: Unable to resolve Lcom/wix/detox/reactnative/idlingresources/timers/DefaultIdleInterrogationStrategyKt; annotation class 2323
09-18 20:55:00.780  5888  5903 W com.loopmobile: Unable to resolve Lcom/wix/detox/reactnative/idlingresources/timers/DelegatedIdleInterrogationStrategy; annotation class 2323
09-18 20:55:00.780  5888  5903 W com.loopmobile: Unable to resolve Lcom/wix/detox/reactnative/idlingresources/timers/DelegatedIdleInterrogationStrategy; annotation class 2323
09-18 20:55:00.780  5888  5903 W com.loopmobile: Unable to resolve Lcom/wix/detox/reactnative/idlingresources/timers/DelegatedIdleInterrogationStrategy; annotation class 2323
09-18 20:55:00.780  5888  5903 W com.loopmobile: Unable to resolve Lcom/wix/detox/reactnative/idlingresources/timers/DelegatedIdleInterrogationStrategyKt; annotation class 2323
09-18 20:55:00.780  5888  5903 W com.loopmobile: Unable to resolve Lcom/wix/detox/reactnative/idlingresources/timers/DelegatedIdleInterrogationStrategyKt; annotation class 2323
09-18 20:55:00.780  5888  5903 W com.loopmobile: Unable to resolve Lcom/wix/detox/reactnative/idlingresources/timers/DelegatedIdleInterrogationStrategyKt; annotation class 2323
09-18 20:55:00.781  5888  5903 W com.loopmobile: Unable to resolve Lcom/wix/detox/reactnative/idlingresources/timers/IdleInterrogationStrategyKt; annotation class 2323
09-18 20:55:00.781  5888  5903 W com.loopmobile: Unable to resolve Lcom/wix/detox/reactnative/idlingresources/timers/IdleInterrogationStrategyKt; annotation class 2323
09-18 20:55:00.781  5888  5903 W com.loopmobile: Unable to resolve Lcom/wix/detox/reactnative/idlingresources/timers/IdleInterrogationStrategyKt; annotation class 2323
09-18 20:55:00.781  5888  5903 W com.loopmobile: Unable to resolve Lcom/wix/detox/reactnative/idlingresources/timers/RN62TimingModuleReflected; annotation class 2323
09-18 20:55:00.781  5888  5903 W com.loopmobile: Unable to resolve Lcom/wix/detox/reactnative/idlingresources/timers/RN62TimingModuleReflected; annotation class 2323
09-18 20:55:00.781  5888  5903 W com.loopmobile: Unable to resolve Lcom/wix/detox/reactnative/idlingresources/timers/RN62TimingModuleReflected; annotation class 2323
09-18 20:55:00.781  5888  5903 W com.loopmobile: Unable to resolve Lcom/wix/detox/reactnative/idlingresources/timers/TimerReflected; annotation class 2323
09-18 20:55:00.781  5888  5903 W com.loopmobile: Unable to resolve Lcom/wix/detox/reactnative/idlingresources/timers/TimerReflected; annotation class 2323
09-18 20:55:00.781  5888  5903 W com.loopmobile: Unable to resolve Lcom/wix/detox/reactnative/idlingresources/timers/TimerReflected; annotation class 2323
09-18 20:55:00.781  5888  5903 W com.loopmobile: Unable to resolve Lcom/wix/detox/reactnative/idlingresources/timers/TimersIdlingResource; annotation class 2323
09-18 20:55:00.781  5888  5903 W com.loopmobile: Unable to resolve Lcom/wix/detox/reactnative/idlingresources/timers/TimersIdlingResource; annotation class 2323
09-18 20:55:00.781  5888  5903 W com.loopmobile: Unable to resolve Lcom/wix/detox/reactnative/idlingresources/timers/TimersIdlingResource; annotation class 2323
09-18 20:55:00.781  5888  5903 W com.loopmobile: Unable to resolve Lcom/wix/detox/reactnative/idlingresources/timers/TimingModuleReflected; annotation class 2323
09-18 20:55:00.781  5888  5903 W com.loopmobile: Unable to resolve Lcom/wix/detox/reactnative/idlingresources/timers/TimingModuleReflected; annotation class 2323
09-18 20:55:00.781  5888  5903 W com.loopmobile: Unable to resolve Lcom/wix/detox/reactnative/idlingresources/timers/TimingModuleReflected; annotation class 2323
09-18 20:55:00.782  5888  5903 W com.loopmobile: Unable to resolve Lcom/wix/detox/reactnative/idlingresources/uimodule/DispatchCommandOperationReflected; annotation class 2323
09-18 20:55:00.782  5888  5903 W com.loopmobile: Unable to resolve Lcom/wix/detox/reactnative/idlingresources/uimodule/DispatchCommandOperationReflected; annotation class 2323
09-18 20:55:00.782  5888  5903 W com.loopmobile: Unable to resolve Lcom/wix/detox/reactnative/idlingresources/uimodule/DispatchCommandOperationReflected; annotation class 2323
09-18 20:55:00.782  5888  5903 W com.loopmobile: Unable to resolve Lcom/wix/detox/reactnative/idlingresources/uimodule/DispatchCommandOperationReflectedKt; annotation class 2323
09-18 20:55:00.782  5888  5903 W com.loopmobile: Unable to resolve Lcom/wix/detox/reactnative/idlingresources/uimodule/DispatchCommandOperationReflectedKt; annotation class 2323
09-18 20:55:00.782  5888  5903 W com.loopmobile: Unable to resolve Lcom/wix/detox/reactnative/idlingresources/uimodule/DispatchCommandOperationReflectedKt; annotation class 2323
09-18 20:55:00.782  5888  5903 W com.loopmobile: Unable to resolve Lcom/wix/detox/reactnative/idlingresources/uimodule/NativeHierarchyManagerReflected; annotation class 2323
09-18 20:55:00.782  5888  5903 W com.loopmobile: Unable to resolve Lcom/wix/detox/reactnative/idlingresources/uimodule/NativeHierarchyManagerReflected; annotation class 2323
09-18 20:55:00.782  5888  5903 W com.loopmobile: Unable to resolve Lcom/wix/detox/reactnative/idlingresources/uimodule/NativeHierarchyManagerReflected; annotation class 2323
09-18 20:55:00.782  5888  5903 W com.loopmobile: Unable to resolve Lcom/wix/detox/reactnative/idlingresources/uimodule/NativeHierarchyManagerReflectedKt; annotation class 2323
09-18 20:55:00.782  5888  5903 W com.loopmobile: Unable to resolve Lcom/wix/detox/reactnative/idlingresources/uimodule/NativeHierarchyManagerReflectedKt; annotation class 2323
09-18 20:55:00.782  5888  5903 W com.loopmobile: Unable to resolve Lcom/wix/detox/reactnative/idlingresources/uimodule/NativeHierarchyManagerReflectedKt; annotation class 2323
09-18 20:55:00.782  5888  5903 W com.loopmobile: Unable to resolve Lcom/wix/detox/reactnative/idlingresources/uimodule/RN66Workaround; annotation class 2323
09-18 20:55:00.782  5888  5903 W com.loopmobile: Unable to resolve Lcom/wix/detox/reactnative/idlingresources/uimodule/RN66Workaround; annotation class 2323
09-18 20:55:00.782  5888  5903 W com.loopmobile: Unable to resolve Lcom/wix/detox/reactnative/idlingresources/uimodule/RN66Workaround; annotation class 2323
09-18 20:55:00.782  5888  5903 W com.loopmobile: Unable to resolve Lcom/wix/detox/reactnative/idlingresources/uimodule/RN66WorkaroundKt; annotation class 2323
09-18 20:55:00.782  5888  5903 W com.loopmobile: Unable to resolve Lcom/wix/detox/reactnative/idlingresources/uimodule/RN66WorkaroundKt; annotation class 2323
09-18 20:55:00.782  5888  5903 W com.loopmobile: Unable to resolve Lcom/wix/detox/reactnative/idlingresources/uimodule/RN66WorkaroundKt; annotation class 2323
09-18 20:55:00.783  5888  5903 W com.loopmobile: Unable to resolve Lcom/wix/detox/reactnative/idlingresources/uimodule/UIManagerModuleReflected; annotation class 2323
09-18 20:55:00.783  5888  5903 W com.loopmobile: Unable to resolve Lcom/wix/detox/reactnative/idlingresources/uimodule/UIManagerModuleReflected; annotation class 2323
09-18 20:55:00.783  5888  5903 W com.loopmobile: Unable to resolve Lcom/wix/detox/reactnative/idlingresources/uimodule/UIManagerModuleReflected; annotation class 2323
09-18 20:55:00.783  5888  5903 W com.loopmobile: Unable to resolve Lcom/wix/detox/reactnative/idlingresources/uimodule/UIManagerModuleReflectedKt; annotation class 2323
09-18 20:55:00.783  5888  5903 W com.loopmobile: Unable to resolve Lcom/wix/detox/reactnative/idlingresources/uimodule/UIManagerModuleReflectedKt; annotation class 2323
09-18 20:55:00.783  5888  5903 W com.loopmobile: Unable to resolve Lcom/wix/detox/reactnative/idlingresources/uimodule/UIManagerModuleReflectedKt; annotation class 2323
09-18 20:55:00.783  5888  5903 W com.loopmobile: Unable to resolve Lcom/wix/detox/reactnative/idlingresources/uimodule/UIModuleIdlingResource; annotation class 2323
09-18 20:55:00.783  5888  5903 W com.loopmobile: Unable to resolve Lcom/wix/detox/reactnative/idlingresources/uimodule/UIModuleIdlingResource; annotation class 2323
09-18 20:55:00.783  5888  5903 W com.loopmobile: Unable to resolve Lcom/wix/detox/reactnative/idlingresources/uimodule/UIModuleIdlingResource; annotation class 2323
09-18 20:55:00.783  5888  5903 W com.loopmobile: Unable to resolve Lcom/wix/detox/reactnative/idlingresources/uimodule/ViewCommandOpsQueueReflected; annotation class 2323
09-18 20:55:00.783  5888  5903 W com.loopmobile: Unable to resolve Lcom/wix/detox/reactnative/idlingresources/uimodule/ViewCommandOpsQueueReflected; annotation class 2323
09-18 20:55:00.783  5888  5903 W com.loopmobile: Unable to resolve Lcom/wix/detox/reactnative/idlingresources/uimodule/ViewCommandOpsQueueReflected; annotation class 2323
09-18 20:55:00.783  5888  5903 W com.loopmobile: Unable to resolve Lcom/wix/detox/reactnative/idlingresources/uimodule/ViewCommandOpsQueueReflectedKt; annotation class 2323
09-18 20:55:00.783  5888  5903 W com.loopmobile: Unable to resolve Lcom/wix/detox/reactnative/idlingresources/uimodule/ViewCommandOpsQueueReflectedKt; annotation class 2323
09-18 20:55:00.783  5888  5903 W com.loopmobile: Unable to resolve Lcom/wix/detox/reactnative/idlingresources/uimodule/ViewCommandOpsQueueReflectedKt; annotation class 2323
09-18 20:55:00.784  5888  5903 W com.loopmobile: Unable to resolve Lkotlinx/android/extensions/CacheImplementation; annotation class 2323
09-18 20:55:00.784  5888  5903 W com.loopmobile: Unable to resolve Lkotlinx/android/extensions/CacheImplementation; annotation class 2323
09-18 20:55:00.784  5888  5903 W com.loopmobile: Unable to resolve Lkotlinx/android/extensions/CacheImplementation; annotation class 2323
09-18 20:55:00.795  5888  5903 D TestExecutor: Adding listener androidx.test.internal.runner.listener.LogRunListener
09-18 20:55:00.795  5888  5903 D TestExecutor: Adding listener androidx.test.internal.runner.listener.InstrumentationResultPrinter
09-18 20:55:00.795  5888  5903 D TestExecutor: Adding listener androidx.test.internal.runner.listener.ActivityFinisherRunListener
09-18 20:55:00.796  5888  5903 I TestRunner: run started: 1 tests
09-18 20:55:00.797  5888  5903 I TestRunner: started: runDetoxTests(com.loopmobile.DetoxTest)
09-18 20:55:00.800  5888  5903 D EventInjectionStrategy: Creating injection strategy with input manager.
09-18 20:55:00.823  5888  5907 D libEGL  : loaded /vendor/lib64/egl/libEGL_emulation.so
09-18 20:55:00.825  5888  5907 D libEGL  : loaded /vendor/lib64/egl/libGLESv1_CM_emulation.so
09-18 20:55:00.827  5888  5907 D libEGL  : loaded /vendor/lib64/egl/libGLESv2_emulation.so
09-18 20:55:00.865  5888  5888 D LifecycleMonitor: Lifecycle status change: com.loopmobile.MainActivity@74ab087 in: PRE_ON_CREATE
09-18 20:55:00.870  5888  5910 D SoLoader: libreactnativejni.so not found on /data/data/com.loopmobile/lib-main
09-18 20:55:00.870  5888  5910 D SoLoader: libreactnativejni.so found on /data/app/~~NMBzsPRYqw2G4tYmTIBEpw==/com.loopmobile-ffFZ5ZGmNeo5kd82R4-rwA==/lib/x86_64
09-18 20:55:00.870  5888  5910 D SoLoader: Not resolving dependencies for libreactnativejni.so
09-18 20:55:00.872  5888  5910 D SoLoader: libfbjni.so not found on /data/data/com.loopmobile/lib-main
09-18 20:55:00.872  5888  5910 D SoLoader: libfbjni.so found on /data/app/~~NMBzsPRYqw2G4tYmTIBEpw==/com.loopmobile-ffFZ5ZGmNeo5kd82R4-rwA==/lib/x86_64
09-18 20:55:00.872  5888  5910 D SoLoader: Not resolving dependencies for libfbjni.so
09-18 20:55:00.887  5888  5888 D LifecycleMonitor: Lifecycle status change: com.loopmobile.MainActivity@74ab087 in: CREATED
09-18 20:55:00.887  5888  5888 D LifecycleMonitor: Lifecycle status change: com.loopmobile.MainActivity@74ab087 in: STARTED
09-18 20:55:00.894  5888  5888 D LifecycleMonitor: Lifecycle status change: com.loopmobile.MainActivity@74ab087 in: RESUMED
09-18 20:55:00.897  5888  5910 W unknown:ReactContext: initializeMessageQueueThreads() is called.
09-18 20:55:00.927  5888  5906 D HostConnection: createUnique: call
09-18 20:55:00.927  5888  5906 D HostConnection: HostConnection::get() New Host Connection established 0x75f1af599810, tid 5906
09-18 20:55:00.936  5888  5906 D HostConnection: HostComposition ext ANDROID_EMU_CHECKSUM_HELPER_v1 ANDROID_EMU_native_sync_v2 ANDROID_EMU_native_sync_v3 ANDROID_EMU_native_sync_v4 ANDROID_EMU_dma_v1 ANDROID_EMU_direct_mem ANDROID_EMU_host_composition_v1 ANDROID_EMU_host_composition_v2 ANDROID_EMU_vulkan ANDROID_EMU_deferred_vulkan_commands ANDROID_EMU_vulkan_null_optional_strings ANDROID_EMU_vulkan_create_resources_with_requirements ANDROID_EMU_YUV_Cache ANDROID_EMU_vulkan_ignored_handles ANDROID_EMU_has_shared_slots_host_memory_allocator ANDROID_EMU_vulkan_free_memory_sync ANDROID_EMU_vulkan_shader_float16_int8 ANDROID_EMU_vulkan_async_queue_submit ANDROID_EMU_vulkan_queue_submit_with_commands ANDROID_EMU_sync_buffer_data ANDROID_EMU_read_color_buffer_dma GL_OES_EGL_image_external_essl3 GL_OES_vertex_array_object GL_KHR_texture_compression_astc_ldr ANDROID_EMU_host_side_tracing ANDROID_EMU_gles_max_version_3_1 
09-18 20:55:00.944  5888  5906 W OpenGLRenderer: Failed to choose config with EGL_SWAP_BEHAVIOR_PRESERVED, retrying without...
09-18 20:55:00.944  5888  5906 W OpenGLRenderer: Failed to initialize 101010-2 format, error = EGL_SUCCESS
09-18 20:55:00.945  5888  5906 D EGL_emulation: eglCreateContext: 0x75f1af59aa10: maj 3 min 1 rcv 4
09-18 20:55:00.946  5888  5906 D EGL_emulation: eglMakeCurrent: 0x75f1af59aa10: ver 3 1 (tinfo 0x75f3cb22c080) (first time)
09-18 20:55:00.953  5888  5906 I Gralloc4: mapper 4.x is not supported
09-18 20:55:00.954  5888  5906 D HostConnection: createUnique: call
09-18 20:55:00.954  5888  5906 D HostConnection: HostConnection::get() New Host Connection established 0x75f1af59b850, tid 5906
09-18 20:55:00.954  5888  5906 D goldfish-address-space: allocate: Ask for block of size 0x100
09-18 20:55:00.954  5888  5906 D goldfish-address-space: allocate: ioctl allocate returned offset 0x3efffe000 size 0x2000
09-18 20:55:00.981  5888  5906 W Gralloc4: allocator 4.x is not supported
09-18 20:55:00.992  5888  5906 D HostConnection: HostComposition ext ANDROID_EMU_CHECKSUM_HELPER_v1 ANDROID_EMU_native_sync_v2 ANDROID_EMU_native_sync_v3 ANDROID_EMU_native_sync_v4 ANDROID_EMU_dma_v1 ANDROID_EMU_direct_mem ANDROID_EMU_host_composition_v1 ANDROID_EMU_host_composition_v2 ANDROID_EMU_vulkan ANDROID_EMU_deferred_vulkan_commands ANDROID_EMU_vulkan_null_optional_strings ANDROID_EMU_vulkan_create_resources_with_requirements ANDROID_EMU_YUV_Cache ANDROID_EMU_vulkan_ignored_handles ANDROID_EMU_has_shared_slots_host_memory_allocator ANDROID_EMU_vulkan_free_memory_sync ANDROID_EMU_vulkan_shader_float16_int8 ANDROID_EMU_vulkan_async_queue_submit ANDROID_EMU_vulkan_queue_submit_with_commands ANDROID_EMU_sync_buffer_data ANDROID_EMU_read_color_buffer_dma GL_OES_EGL_image_external_essl3 GL_OES_vertex_array_object GL_KHR_texture_compression_astc_ldr ANDROID_EMU_host_side_tracing ANDROID_EMU_gles_max_version_3_1 
09-18 20:55:01.060  5888  5903 I Detox   : Detox server connection details: url=ws://localhost:40167, sessionId=60476e36-f483-2a10-338e-66e494d3662b
09-18 20:55:01.083  5888  5925 I DetoxDispatcher: Handling action '_init' (ID #0)...
09-18 20:55:01.083  5888  5925 I Detox   : Connecting to server...
09-18 20:55:01.084  5888  5925 I DetoxWSClient: At connectToServer
09-18 20:55:01.131  5888  5913 W unknown:ViewManagerPropertyUpdater: Could not find generated setter for class com.facebook.react.views.drawer.ReactDrawerLayoutManager
09-18 20:55:01.132  5888  5913 W unknown:ViewManagerPropertyUpdater: Could not find generated setter for class com.facebook.react.uimanager.LayoutShadowNode
09-18 20:55:01.133  5888  5913 W unknown:ViewManagerPropertyUpdater: Could not find generated setter for class com.facebook.react.views.scroll.ReactHorizontalScrollViewManager
09-18 20:55:01.134  5888  5913 W unknown:ViewManagerPropertyUpdater: Could not find generated setter for class com.facebook.react.views.scroll.ReactHorizontalScrollContainerViewManager
09-18 20:55:01.134  5888  5913 W unknown:ViewManagerPropertyUpdater: Could not find generated setter for class com.facebook.react.views.progressbar.ReactProgressBarViewManager
09-18 20:55:01.135  5888  5913 W unknown:ViewManagerPropertyUpdater: Could not find generated setter for class com.facebook.react.views.progressbar.b
09-18 20:55:01.135  5888  5913 W unknown:ViewManagerPropertyUpdater: Could not find generated setter for class com.facebook.react.views.scroll.ReactScrollViewManager
09-18 20:55:01.136  5888  5913 W unknown:ViewManagerPropertyUpdater: Could not find generated setter for class com.facebook.react.views.slider.ReactSliderManager
09-18 20:55:01.136  5888  5913 W unknown:ViewManagerPropertyUpdater: Could not find generated setter for class com.facebook.react.views.slider.ReactSliderManager$b
09-18 20:55:01.137  5888  5913 W unknown:ViewManagerPropertyUpdater: Could not find generated setter for class com.facebook.react.views.switchview.ReactSwitchManager
09-18 20:55:01.153  5888  5913 W unknown:ViewManagerPropertyUpdater: Could not find generated setter for class com.facebook.react.views.switchview.ReactSwitchManager$b
09-18 20:55:01.153  5888  5913 W unknown:ViewManagerPropertyUpdater: Could not find generated setter for class com.facebook.react.views.swiperefresh.SwipeRefreshLayoutManager
09-18 20:55:01.153  5888  5913 W unknown:ViewManagerPropertyUpdater: Could not find generated setter for class com.facebook.react.views.text.frescosupport.FrescoBasedReactTextInlineImageViewManager
09-18 20:55:01.154  5888  5913 W unknown:ViewManagerPropertyUpdater: Could not find generated setter for class m3.a
09-18 20:55:01.154  5888  5913 W unknown:ViewManagerPropertyUpdater: Could not find generated setter for class com.facebook.react.views.image.ReactImageManager
09-18 20:55:01.154  5888  5913 W unknown:ViewManagerPropertyUpdater: Could not find generated setter for class com.facebook.react.views.modal.ReactModalHostManager
09-18 20:55:01.155  5888  5913 W unknown:ViewManagerPropertyUpdater: Could not find generated setter for class com.facebook.react.views.modal.b
09-18 20:55:01.157  5888  5913 W unknown:ViewManagerPropertyUpdater: Could not find generated setter for class com.facebook.react.views.text.ReactRawTextManager
09-18 20:55:01.157  5888  5913 W unknown:ViewManagerPropertyUpdater: Could not find generated setter for class com.facebook.react.views.text.l
09-18 20:55:01.157  5888  5913 W unknown:ViewManagerPropertyUpdater: Could not find generated setter for class com.facebook.react.views.textinput.ReactTextInputManager
09-18 20:55:01.158  5888  5913 W unknown:ViewManagerPropertyUpdater: Could not find generated setter for class com.facebook.react.views.textinput.m
09-18 20:55:01.160  5888  5913 W unknown:ViewManagerPropertyUpdater: Could not find generated setter for class com.facebook.react.views.text.ReactTextViewManager
09-18 20:55:01.160  5888  5913 W unknown:ViewManagerPropertyUpdater: Could not find generated setter for class com.facebook.react.views.text.q
09-18 20:55:01.160  5888  5913 W unknown:ViewManagerPropertyUpdater: Could not find generated setter for class com.facebook.react.views.view.ReactViewManager
09-18 20:55:01.178  5888  5913 W unknown:ViewManagerPropertyUpdater: Could not find generated setter for class com.facebook.react.views.text.ReactVirtualTextViewManager
09-18 20:55:01.178  5888  5913 W unknown:ViewManagerPropertyUpdater: Could not find generated setter for class com.facebook.react.views.text.w
09-18 20:55:01.178  5888  5913 W unknown:ViewManagerPropertyUpdater: Could not find generated setter for class com.facebook.react.views.unimplementedview.ReactUnimplementedViewManager
09-18 20:55:01.178  5888  5913 W unknown:ViewManagerPropertyUpdater: Could not find generated setter for class com.reactnativegooglesignin.RNGoogleSigninButtonViewManager
09-18 20:55:01.178  5888  5913 W unknown:ViewManagerPropertyUpdater: Could not find generated setter for class com.th3rdwave.safeareacontext.SafeAreaProviderManager
09-18 20:55:01.179  5888  5913 W unknown:ViewManagerPropertyUpdater: Could not find generated setter for class com.th3rdwave.safeareacontext.SafeAreaViewManager
09-18 20:55:01.179  5888  5913 W unknown:ViewManagerPropertyUpdater: Could not find generated setter for class com.th3rdwave.safeareacontext.p
09-18 20:55:01.179  5888  5913 W unknown:ViewManagerPropertyUpdater: Could not find generated setter for class com.swmansion.rnscreens.ScreenContainerViewManager
09-18 20:55:01.179  5888  5913 W unknown:ViewManagerPropertyUpdater: Could not find generated setter for class com.swmansion.rnscreens.ScreenViewManager
09-18 20:55:01.180  5888  5913 W unknown:ViewManagerPropertyUpdater: Could not find generated setter for class com.swmansion.rnscreens.ScreenStackViewManager
09-18 20:55:01.180  5888  5913 W unknown:ViewManagerPropertyUpdater: Could not find generated setter for class com.swmansion.rnscreens.ScreenStackHeaderConfigViewManager
09-18 20:55:01.180  5888  5913 W unknown:ViewManagerPropertyUpdater: Could not find generated setter for class com.swmansion.rnscreens.ScreenStackHeaderSubviewManager
09-18 20:55:01.180  5888  5913 W unknown:ViewManagerPropertyUpdater: Could not find generated setter for class com.swmansion.rnscreens.SearchBarManager
09-18 20:55:01.181  5888  5913 W unknown:ViewManagerPropertyUpdater: Could not find generated setter for class com.swmansion.gesturehandler.react.RNGestureHandlerRootViewManager
09-18 20:55:01.181  5888  5913 W unknown:ViewManagerPropertyUpdater: Could not find generated setter for class com.swmansion.gesturehandler.react.RNGestureHandlerButtonViewManager
09-18 20:55:01.182  5888  5913 W unknown:ReactContext: initializeMessageQueueThreads() is called.
09-18 20:55:01.182  5888  5913 D SoLoader: libyoga.so not found on /data/data/com.loopmobile/lib-main
09-18 20:55:01.182  5888  5913 D SoLoader: libyoga.so found on /data/app/~~NMBzsPRYqw2G4tYmTIBEpw==/com.loopmobile-ffFZ5ZGmNeo5kd82R4-rwA==/lib/x86_64
09-18 20:55:01.182  5888  5913 D SoLoader: Not resolving dependencies for libyoga.so
09-18 20:55:01.189  5888  5888 D DetoxRNLoading: Got new RN-context directly and immediately
09-18 20:55:01.189  5888  5925 I DetoxRNIdleRes: Setting up Espresso Idling Resources for React Native
09-18 20:55:01.191  5888  5925 D AsyncStorageIR: Checking whether a custom IR for Async-Storage is required... (legacy=false)
09-18 20:55:01.191  5888  5925 D DetoxRNHelpers: Native RN module resolution (class com.reactnativecommunity.asyncstorage.AsyncStorageModule): no such class
09-18 20:55:01.191  5888  5925 D AsyncStorageIR: Checking whether a custom IR for Async-Storage is required... (legacy=true)
09-18 20:55:01.192  5888  5925 D AsyncStorageIR: IR for Async-Storage is required! (legacy=true)
09-18 20:55:01.194  5888  5888 D AsyncStorageIRLegacy: Async-storage is busy!
09-18 20:55:01.200  5888  5912 I ReactNativeJS: Running "loopMobile
09-18 20:55:01.213  5888  5925 I DetoxDispatcher: Done with action '_init'
09-18 20:55:01.384  5888  5913 W unknown:ViewManagerPropertyUpdater: Could not find generated setter for class com.swmansion.rnscreens.b0
09-18 20:55:01.525  5888  5888 W com.loopmobile: ClassLoaderContext shared library size mismatch. Expected=3, found=4 (PCL[]{PCL[/system/framework/org.apache.http.legacy.jar*2058259660]#PCL[/system/framework/com.android.media.remotedisplay.jar*3472798122]#PCL[/system/framework/com.android.location.provider.jar*3633238673]} | PCL[]{PCL[/system/framework/org.apache.http.legacy.jar*2058259660]#PCL[/system/framework/com.android.media.remotedisplay.jar*3472798122]#PCL[/system/framework/com.android.location.provider.jar*3633238673]#PCL[/system_ext/framework/androidx.window.sidecar.jar*3539530913]})
09-18 20:55:01.527  5888  5888 D nativeloader: classloader namespace configured for unbundled product apk. library_path=/product/priv-app/PrebuiltGmsCore/lib/x86_64:/product/priv-app/PrebuiltGmsCore/PrebuiltGmsCore.apk!/lib/x86_64:/product/lib64:/system/product/lib64
09-18 20:55:01.536  5888  5888 I DynamiteModule: Considering local module com.google.android.gms.signinbutton_dynamite:0 and remote module com.google.android.gms.signinbutton_dynamite:2
09-18 20:55:01.536  5888  5888 I DynamiteModule: Selected remote version of com.google.android.gms.signinbutton_dynamite, version >= 2
09-18 20:55:01.575  5888  5888 D CompatibilityChangeReporter: Compat change id reported: 171228096; UID 10201; state: ENABLED
09-18 20:55:03.178  5888  5906 D EGL_emulation: app_time_stats: avg=92.44ms min=0.93ms max=1337.98ms count=21
09-18 20:55:04.223  5888  5930 D DetoxWSClient: Retrying...
09-18 20:55:04.223  5888  5930 I DetoxWSClient: At connectToServer
09-18 20:55:07.234  5888  5949 D DetoxWSClient: Retrying...
09-18 20:55:07.234  5888  5949 I DetoxWSClient: At connectToServer
09-18 20:55:10.244  5888  5951 D DetoxWSClient: Retrying...
09-18 20:55:10.244  5888  5951 I DetoxWSClient: At connectToServer
09-18 20:55:13.253  5888  5953 D DetoxWSClient: Retrying...
09-18 20:55:13.253  5888  5953 I DetoxWSClient: At connectToServer
09-18 20:55:16.263  5888  5956 D DetoxWSClient: Retrying...
09-18 20:55:16.263  5888  5956 I DetoxWSClient: At connectToServer
09-18 20:55:19.271  5888  5958 D DetoxWSClient: Retrying...
09-18 20:55:19.272  5888  5958 I DetoxWSClient: At connectToServer
09-18 20:55:22.283  5888  5960 D DetoxWSClient: Retrying...
09-18 20:55:22.283  5888  5960 I DetoxWSClient: At connectToServer
09-18 20:55:25.293  5888  5962 D DetoxWSClient: Retrying...
09-18 20:55:25.293  5888  5962 I DetoxWSClient: At connectToServer
09-18 20:55:28.303  5888  5964 D DetoxWSClient: Retrying...
09-18 20:55:28.303  5888  5964 I DetoxWSClient: At connectToServer
09-18 20:55:31.318  5888  5966 D DetoxWSClient: Retrying...
09-18 20:55:31.318  5888  5966 I DetoxWSClient: At connectToServer
09-18 20:55:34.322  5888  5970 D DetoxWSClient: Retrying...
09-18 20:55:34.322  5888  5970 I DetoxWSClient: At connectToServer
09-18 20:55:37.332  5888  5972 D DetoxWSClient: Retrying...
09-18 20:55:37.332  5888  5972 I DetoxWSClient: At connectToServer
09-18 20:55:40.342  5888  5974 D DetoxWSClient: Retrying...
09-18 20:55:40.342  5888  5974 I DetoxWSClient: At connectToServer
09-18 20:55:43.351  5888  5976 D DetoxWSClient: Retrying...
09-18 20:55:43.351  5888  5976 I DetoxWSClient: At connectToServer
09-18 20:55:46.361  5888  5978 D DetoxWSClient: Retrying...
09-18 20:55:46.361  5888  5978 I DetoxWSClient: At connectToServer
09-18 20:55:49.376  5888  5981 D DetoxWSClient: Retrying...
09-18 20:55:49.377  5888  5981 I DetoxWSClient: At connectToServer
09-18 20:55:52.386  5888  5983 D DetoxWSClient: Retrying...
09-18 20:55:52.387  5888  5983 I DetoxWSClient: At connectToServer
09-18 20:55:55.397  5888  5985 D DetoxWSClient: Retrying...
09-18 20:55:55.397  5888  5985 I DetoxWSClient: At connectToServer
09-18 20:55:58.409  5888  5987 D DetoxWSClient: Retrying...
09-18 20:55:58.409  5888  5987 I DetoxWSClient: At connectToServer
09-18 20:56:01.427  5888  5989 D DetoxWSClient: Retrying...
09-18 20:56:01.428  5888  5989 I DetoxWSClient: At connectToServer
09-18 20:56:04.438  5888  5991 D DetoxWSClient: Retrying...
09-18 20:56:04.438  5888  5991 I DetoxWSClient: At connectToServer
09-18 20:56:07.447  5888  5995 D DetoxWSClient: Retrying...
09-18 20:56:07.447  5888  5995 I DetoxWSClient: At connectToServer
09-18 20:56:10.456  5888  5998 D DetoxWSClient: Retrying...
09-18 20:56:10.457  5888  5998 I DetoxWSClient: At connectToServer
09-18 20:56:13.465  5888  6001 D DetoxWSClient: Retrying...
09-18 20:56:13.465  5888  6001 I DetoxWSClient: At connectToServer
09-18 20:56:16.475  5888  6003 D DetoxWSClient: Retrying...
09-18 20:56:16.475  5888  6003 I DetoxWSClient: At connectToServer
09-18 20:56:19.483  5888  6005 D DetoxWSClient: Retrying...
09-18 20:56:19.483  5888  6005 I DetoxWSClient: At connectToServer
09-18 20:56:22.490  5888  6007 D DetoxWSClient: Retrying...
09-18 20:56:22.491  5888  6007 I DetoxWSClient: At connectToServer
09-18 20:56:25.499  5888  6009 D DetoxWSClient: Retrying...
09-18 20:56:25.500  5888  6009 I DetoxWSClient: At connectToServer
09-18 20:56:28.509  5888  6011 D DetoxWSClient: Retrying...
09-18 20:56:28.509  5888  6011 I DetoxWSClient: At connectToServer
09-18 20:56:31.526  5888  6013 D DetoxWSClient: Retrying...
09-18 20:56:31.527  5888  6013 I DetoxWSClient: At connectToServer
09-18 20:56:34.542  5888  6015 D DetoxWSClient: Retrying...
09-18 20:56:34.545  5888  6015 I DetoxWSClient: At connectToServer
09-18 20:56:37.576  5888  6017 D DetoxWSClient: Retrying...
09-18 20:56:37.576  5888  6017 I DetoxWSClient: At connectToServer
09-18 20:56:40.587  5888  6019 D DetoxWSClient: Retrying...
09-18 20:56:40.587  5888  6019 I DetoxWSClient: At connectToServer
09-18 20:56:43.593  5888  6021 D DetoxWSClient: Retrying...
09-18 20:56:43.593  5888  6021 I DetoxWSClient: At connectToServer
09-18 20:56:46.601  5888  6023 D DetoxWSClient: Retrying...
09-18 20:56:46.602  5888  6023 I DetoxWSClient: At connectToServer
09-18 20:56:49.604  5888  6025 D DetoxWSClient: Retrying...
09-18 20:56:49.604  5888  6025 I DetoxWSClient: At connectToServer
09-18 20:56:52.614  5888  6027 D DetoxWSClient: Retrying...
09-18 20:56:52.614  5888  6027 I DetoxWSClient: At connectToServer
09-18 20:56:55.623  5888  6029 D DetoxWSClient: Retrying...
09-18 20:56:55.623  5888  6029 I DetoxWSClient: At connectToServer
09-18 20:56:58.627  5888  6031 D DetoxWSClient: Retrying...
09-18 20:56:58.627  5888  6031 I DetoxWSClient: At connectToServer
